{
    "test": {
        "Filename": "mkv-basic.mkv",
        "Comment": "Just one standard mkv"
    },
    "metadata": {
        "@type": "nmm:Video",
        "nie:title": "MYTITLE",
        "nfo:height": "1080",
        "nfo:width": "1920"
    }
}
