{
    "test": {
        "Filename": "mov-basic.mov",
        "Bugzilla": "NB#181112",
        "Comment": "Produces a Critical in Gstreamer freeing a component."
    },
    "metadata": {
        "@type": "nmm:Video",
        "nfo:height": "144",
        "nfo:width": "192"
    }
}