{
    "test": {
        "Filename": "mp4-basic.mp4",
        "Comment": "Just one standard mp4"
    },
    "metadata": {
        "@type": "nmm:Video",
        "nie:title": "MPEG-4-x264.mp4",
        "nfo:height": "240",
        "nfo:width": "320"
    }
}