{
    "test": {
        "Filename": "pdf-doc.pdf",
        "Comment": "PDF document from the office tools"
    },
    "metadata": {
        "@type": "nfo:PaginatedTextDocument",
        "nfo:pageCount": "22"
    }
}