{
    "test": {
        "Filename": "ps-doc-atend.ps",
        "Comment": "PS document from the office tools"
    },
    "metadata": {
        "nfo:pageCount": 1,
        "nie:copyright": "copyleft",
        "nco:creator": {
            "nco:fullname": "vi",
            "@type": "nco:Contact"
        },
        "@type": "nfo:PaginatedTextDocument"
    }
}