{
    "test": {
        "Filename": "psgz-doc.ps.gz",
        "Comment": "PS.GZ document from the office tools"
    },
    "metadata": {
        "nfo:pageCount": 1,
        "nie:copyright": "copyleft",
        "nco:creator": {
            "nco:fullname": "vi",
            "@type": "nco:Contact"
        },
        "@type": "nfo:PaginatedTextDocument"
    }
}