{
    "test": {
        "Filename": "flac.flac"
    },
    "metadata": {
        "@type": [
            "nfo:Audio",
            "nmm:MusicPiece"
        ],
        "nfo:channels": "2",
        "nfo:duration": "10",
        "nfo:genre": "Rock",
        "nfo:sampleRate": "44100",
        "nie:comment": "no comment",
        "nie:contentCreated": "2020-01-01T00:00:00+00:00",
        "nie:copyright": "none",
        "nie:title": "track title",
        "nmm:trackNumber": "12",
        "nmm:musicAlbum": {
            "@id": "urn:album:awesome%20album:my%20album%20artist:2020-01-01",
            "@type": "nmm:MusicAlbum",
            "nie:title": "awesome album",
            "nmm:albumTrackCount": "28",
            "nmm:albumArtist": [
                {
                    "@type": "nmm:Artist",
                    "nmm:artistName": "my album artist"
                }
            ],
            "tracker:hasExternalReference": [
                {
                    "@id": "https://musicbrainz.org/release/524387feg",
                    "@type": "tracker:ExternalReference",
                    "tracker:referenceSource": "https://musicbrainz.org/doc/Release",
                    "tracker:referenceIdentifier": "524387feg"
                },
                {
                    "@id": "https://musicbrainz.org/release-group/34-458923-kbe",
                    "@type": "tracker:ExternalReference",
                    "tracker:referenceSource": "https://musicbrainz.org/doc/Release_Group",
                    "tracker:referenceIdentifier": "34-458923-kbe"
                }
            ]
        },
        "nmm:musicAlbumDisc": {
            "@id": "urn:album-disc:awesome%20album:my%20album%20artist:2020-01-01:Disc1",
            "@type": "nmm:MusicAlbumDisc",
            "nmm:setNumber": 1
        },
        "nmm:artist": {
            "@id": "urn:artist:my%20artist",
            "@type": "nmm:Artist",
            "nmm:artistName": "my artist",
            "tracker:hasExternalReference": [
                {
                    "@id": "https://musicbrainz.org/artist/789-feg-7854",
                    "@type": "tracker:ExternalReference",
                    "tracker:referenceSource": "https://musicbrainz.org/doc/Artist",
                    "tracker:referenceIdentifier": "789-feg-7854"
                }
            ]
        },
        "nmm:performer": {
            "@id": "urn:artist:i%20am%20performer1",
            "@type": "nmm:Artist",
            "nmm:artistName": "i am performer1"
        },
        "tracker:hasExternalReference": [
            {
                "@id": "https://musicbrainz.org/recording/4-8-15-16-23-42-lost",
                "@type": "tracker:ExternalReference",
                "tracker:referenceSource": "https://musicbrainz.org/doc/Recording",
                "tracker:referenceIdentifier": "4-8-15-16-23-42-lost"
            },
            {
                "@id": "https://musicbrainz.org/track/dfgj-432-iu7",
                "@type": "tracker:ExternalReference",
                "tracker:referenceSource": "https://musicbrainz.org/doc/Track",
                "tracker:referenceIdentifier": "dfgj-432-iu7"
            }
        ],
        "nie:isStoredAs": {
            "nfo:hasHash": [
                {
                    "@type": "nfo:FileHash",
                    "nfo:hashAlgorithm": "chromaprint",
                    "nfo:hashValue": "123453215"
                }
            ]
        }
    }
}
