{
    "test": {
        "Filename": "mp3-id3v2.4-2.mp3",
        "Bugzilla": "NB#177663",
        "Comment": "Mp3 with id3v2 tags. Encoded wasn't extracted.\nBinary cut with dd of the original file."
    },
    "metadata": {
        "@type": "nmm:MusicPiece",
        "nie:title": "Vinegar",
        "nfo:genre": "Pop",
        "nie:copyright": "(P) 2008 Sony Music Entertainment Finland Oy",
        "nmm:trackNumber": "1",
        "nfo:codec": "MPEG",
        "nfo:channels": "2",
        "nfo:sampleRate": "44100",
        "nfo:averageBitrate": "256000",
        "nmm:artist": {
            "@id": "urn:artist:Anna%20Abreu",
            "@type": "nmm:Artist",
            "nmm:artistName": "Anna Abreu",
            "tracker:hasExternalReference": [
                {
                    "@id": "https://musicbrainz.org/artist/234561",
                    "@type": "tracker:ExternalReference",
                    "tracker:referenceSource": "https://musicbrainz.org/doc/Artist",
                    "tracker:referenceIdentifier": "234561"
                }
            ]
        },
        "nmm:performer": [
            {
                "@id": "urn:artist:harpist",
                "@type": "nmm:Artist",
                "nmm:artistName": "harpist"
            },
            {
                "@id": "urn:artist:violinist",
                "@type": "nmm:Artist",
                "nmm:artistName": "violinist"
            }
        ],
        "nmm:musicAlbum": {
            "@id": "urn:album:Now:Anna%20Abreu",
            "@type": "nmm:MusicAlbum",
            "tracker:hasExternalReference": [
                {
                    "@id": "https://musicbrainz.org/release/345612",
                    "@type": "tracker:ExternalReference",
                    "tracker:referenceSource": "https://musicbrainz.org/doc/Release",
                    "tracker:referenceIdentifier": "345612"
                },
                {
                    "@id": "https://musicbrainz.org/release-group/561234",
                    "@type": "tracker:ExternalReference",
                    "tracker:referenceSource": "https://musicbrainz.org/doc/Release_Group",
                    "tracker:referenceIdentifier": "561234"
                }
            ]
        },
        "nmm:musicAlbumDisc": {
            "@id": "urn:album-disc:Now:Anna%20Abreu:Disc1",
            "@type": "nmm:MusicAlbumDisc",
            "nmm:setNumber": 1
        },
        "tracker:hasExternalReference": [
            {
                "@id": "https://musicbrainz.org/recording/456123",
                "@type": "tracker:ExternalReference",
                "tracker:referenceSource": "https://musicbrainz.org/doc/Recording",
                "tracker:referenceIdentifier": "456123"
            },
            {
                "@id": "https://musicbrainz.org/track/123456",
                "@type": "tracker:ExternalReference",
                "tracker:referenceSource": "https://musicbrainz.org/doc/Track",
                "tracker:referenceIdentifier": "123456"
            }
        ],
        "nie:isStoredAs": [
            {
                "nfo:hasHash": {
                    "@type": "nfo:FileHash",
                    "nfo:hashAlgorithm": "chromaprint",
                    "nfo:hashValue": "111222"
                }
            }
        ]
    }
}
