{
    "test": {
        "Filename": "mp3-id3v2.3-empty-artist-album.mp3",
        "Bugzilla": "NB#223536, NB#223148",
        "Comment": "Mp3 with empty Artist and album. Made extractor crash."
    },
    "metadata": {
        "@type": "nmm:MusicPiece",
        "nfo:codec": "MPEG",
        "nfo:sampleRate" : "16000",
        "nie:title": "song3",
        "nmm:trackNumber": "2",
        "nmm:musicAlbum" : {
            "@id" : "urn:album:albumi",
            "@type" : "nmm:MusicAlbum",
            "nie:title" : "albumi"
        },
        "nmm:musicAlbumDisc" : {
            "@id" : "urn:album-disc:albumi:Disc1",
            "@type" : "nmm:MusicAlbumDisc",
            "nmm:setNumber" : 1,
            "nmm:albumDiscAlbum" : "urn:album:albumi"
        },
        "nmm:performer" : [
            {
                "@id" : "urn:artist:drummer",
                "@type" : "nmm:Artist",
                "nmm:artistName" : "drummer"
            }
        ]
    }
}
