{
    "test": {
        "Filename": "mp3-id3v2.4-1.mp3",
        "Bugzilla": "",
        "Comment": "Basic MP3 example"
    },
    "metadata": {
        "@type": "nmm:MusicPiece",
        "nie:title": "Simply Juvenile",
        "nfo:genre": "Pop",
        "nie:copyright": "none",
        "nie:comment": "I am for simple MP3 testing",
        "nmm:trackNumber": "13",
        "nfo:codec": "MPEG",
        "nfo:channels": "1",
        "nfo:duration": "15",
        "nfo:sampleRate": "22050",
        "nfo:averageBitrate": "32000",
        "nmm:artist": {
            "@id": "urn:artist:AbBaby",
            "@type": "nmm:Artist",
            "nmm:artistName": "AbBaby",
            "tracker:hasExternalReference": [
                {
                    "@id": "https://musicbrainz.org/artist/234561",
                    "@type": "tracker:ExternalReference",
                    "tracker:referenceSource": "https://musicbrainz.org/doc/Artist",
                    "tracker:referenceIdentifier": "234561"
                }
            ]
        },
        "nmm:performer": [
            {
                "@id": "urn:artist:guitarist",
                "@type": "nmm:Artist",
                "nmm:artistName": "guitarist"
            },
            {
                "@id": "urn:artist:pianist",
                "@type": "nmm:Artist",
                "nmm:artistName": "pianist"
            }
        ],
        "nmm:musicAlbum": {
            "@id": "urn:album:SinCos:2008-01-01",
            "@type": "nmm:MusicAlbum",
            "nie:title": "SinCos",
            "tracker:hasExternalReference": [
                {
                    "@id": "https://musicbrainz.org/release/345612",
                    "@type": "tracker:ExternalReference",
                    "tracker:referenceSource": "https://musicbrainz.org/doc/Release",
                    "tracker:referenceIdentifier": "345612"
                },
                {
                    "@id": "https://musicbrainz.org/release-group/561234",
                    "@type": "tracker:ExternalReference",
                    "tracker:referenceSource": "https://musicbrainz.org/doc/Release_Group",
                    "tracker:referenceIdentifier": "561234"
                }
            ]
        },
        "nmm:musicAlbumDisc": {
            "@id": "urn:album-disc:SinCos:2008-01-01:Disc1",
            "@type": "nmm:MusicAlbumDisc",
            "nmm:setNumber": 1
        },
        "tracker:hasExternalReference": [
            {
                "@id": "https://musicbrainz.org/recording/456123",
                "@type": "tracker:ExternalReference",
                "tracker:referenceSource": "https://musicbrainz.org/doc/Recording",
                "tracker:referenceIdentifier": "456123"
            },
            {
                "@id": "https://musicbrainz.org/track/123456",
                "@type": "tracker:ExternalReference",
                "tracker:referenceSource": "https://musicbrainz.org/doc/Track",
                "tracker:referenceIdentifier": "123456"
            }
        ],
        "nie:isStoredAs": [
            {
                "nfo:hasHash": {
                    "@type": "nfo:FileHash",
                    "nfo:hashAlgorithm": "chromaprint",
                    "nfo:hashValue": "111222"
                }
            }
        ]
    }
}
