{
    "test": {
        "Filename": "vorbis.ogg"
    },
    "metadata": {
        "@type": ["nfo:Audio", "nmm:MusicPiece"],
        "nie:title": "Simply Juvenile",
        "nfo:genre": "Pop",
        "nie:copyright": "none",
        "nie:comment": "I am for simple OGG testing",
        "nmm:trackNumber": "18",
        "nfo:channels": 1,
        "nfo:sampleRate": 22050,
        "nfo:duration": "15",
        "nmm:artist": {
            "@id": "urn:artist:AbBaby",
            "@type": "nmm:Artist",
            "nmm:artistName": "AbBaby",
            "tracker:hasExternalReference": [
                {
                    "@id": "https://musicbrainz.org/artist/234561",
                    "@type": "tracker:ExternalReference",
                    "tracker:referenceSource": "https://musicbrainz.org/doc/Artist",
                    "tracker:referenceIdentifier": "234561"
                }
            ]
        },
        "nmm:performer": {
            "@id": "urn:artist:a%20vorbis%20performer",
            "@type": "nmm:Artist",
            "nmm:artistName": "a vorbis performer"
        },
        "nmm:composer": {
            "@id": "urn:artist:Ab",
            "@type": "nmm:Artist",
            "nmm:artistName": "Ab"
        },
        "nmm:musicAlbum": {
            "@id": "urn:album:SinCos:2008-01-01",
            "@type": "nmm:MusicAlbum",
            "nie:title": "SinCos",
            "tracker:hasExternalReference": [
                {
                    "@id": "https://musicbrainz.org/release/345612",
                    "@type": "tracker:ExternalReference",
                    "tracker:referenceSource": "https://musicbrainz.org/doc/Release",
                    "tracker:referenceIdentifier": "345612"
                }
            ]
        },
        "nmm:musicAlbumDisc": {
            "@id": "urn:album-disc:SinCos:2008-01-01:Disc1",
            "@type": "nmm:MusicAlbumDisc",
            "nmm:albumDiscAlbum": "urn:album:SinCos:2008-01-01",
            "nmm:setNumber": 1
        },
        "tracker:hasExternalReference": [
            {
                "@id": "https://musicbrainz.org/recording/456123",
                "@type": "tracker:ExternalReference",
                "tracker:referenceSource": "https://musicbrainz.org/doc/Recording",
                "tracker:referenceIdentifier": "456123"
            }
        ]
    }
}
