{
    "test": {
        "Filename": "jpeg-iptcdata-records.jpg",
        "Bugzilla": "NB#244267",
        "Comment": "Location information shouldn't be retrieved from the image"
    },
    "metadata": {
        "@type": "nmm:Photo",
        "!slo:location": ""
    }
}